2025-01-24 21:42:00 | INFO | repo=pv243-a4m36jee-2016-clustering-seminar | action=commit
2025-10-13 08:34:00 | INFO | repo=pv243-a4m36jee-2016-clustering-seminar | action=edit | files=3
2025-12-01 11:55:00 | DEBUG | repo=pv243-a4m36jee-2016-clustering-seminar | action=test | passed=true
2025-12-13 08:22:00 | INFO | repo=pv243-a4m36jee-2016-clustering-seminar | action=test | passed=true
2025-06-11 19:18:00 | DEBUG | repo=pv243-a4m36jee-2016-clustering-seminar | action=commit
2025-02-23 18:02:00 | WARN | repo=pv243-a4m36jee-2016-clustering-seminar | action=pull
2025-04-10 10:50:00 | INFO | repo=pv243-a4m36jee-2016-clustering-seminar | action=commit
2025-11-18 08:48:00 | WARN | repo=pv243-a4m36jee-2016-clustering-seminar | action=commit
2025-12-28 17:31:00 | DEBUG | repo=pv243-a4m36jee-2016-clustering-seminar | action=commit
2025-02-02 07:49:00 | INFO | repo=pv243-a4m36jee-2016-clustering-seminar | action=commit
2025-08-13 08:51:00 | INFO | repo=pv243-a4m36jee-2016-clustering-seminar | action=test | passed=true
2025-04-23 19:28:00 | WARN | repo=pv243-a4m36jee-2016-clustering-seminar | action=commit
2025-05-06 18:06:00 | DEBUG | repo=pv243-a4m36jee-2016-clustering-seminar | action=commit
2025-05-20 14:45:00 | DEBUG | repo=pv243-a4m36jee-2016-clustering-seminar | action=test | passed=true
2025-06-18 08:59:00 | INFO | repo=pv243-a4m36jee-2016-clustering-seminar | action=pull
2025-08-23 07:47:00 | INFO | repo=pv243-a4m36jee-2016-clustering-seminar | action=commit
2025-09-02 07:59:00 | WARN | repo=pv243-a4m36jee-2016-clustering-seminar | action=commit
2025-01-26 16:17:00 | INFO | repo=pv243-a4m36jee-2016-clustering-seminar | action=commit
2025-05-13 14:10:00 | WARN | repo=pv243-a4m36jee-2016-clustering-seminar | action=commit
2025-09-09 16:15:00 | DEBUG | repo=pv243-a4m36jee-2016-clustering-seminar | action=commit
2025-11-09 09:28:00 | INFO | repo=pv243-a4m36jee-2016-clustering-seminar | action=edit | files=4
2025-01-07 09:24:00 | WARN | repo=pv243-a4m36jee-2016-clustering-seminar | action=commit
2025-11-23 13:00:00 | INFO | repo=pv243-a4m36jee-2016-clustering-seminar | action=test | passed=true
2025-05-01 13:19:00 | WARN | repo=pv243-a4m36jee-2016-clustering-seminar | action=commit
2025-09-07 21:35:00 | INFO | repo=pv243-a4m36jee-2016-clustering-seminar | action=edit | files=4
2025-05-05 07:43:00 | INFO | repo=pv243-a4m36jee-2016-clustering-seminar | action=commit
2025-07-19 16:10:00 | DEBUG | repo=pv243-a4m36jee-2016-clustering-seminar | action=commit
2025-07-12 08:02:00 | INFO | repo=pv243-a4m36jee-2016-clustering-seminar | action=commit
2025-02-25 12:55:00 | WARN | repo=pv243-a4m36jee-2016-clustering-seminar | action=commit
2025-09-11 19:30:00 | WARN | repo=pv243-a4m36jee-2016-clustering-seminar | action=commit
2025-08-03 12:59:00 | DEBUG | repo=pv243-a4m36jee-2016-clustering-seminar | action=commit
2025-04-14 21:54:00 | DEBUG | repo=pv243-a4m36jee-2016-clustering-seminar | action=commit
2025-01-05 08:27:00 | DEBUG | repo=pv243-a4m36jee-2016-clustering-seminar | action=pull
2025-07-05 17:15:00 | DEBUG | repo=pv243-a4m36jee-2016-clustering-seminar | action=commit
2025-01-14 15:01:00 | DEBUG | repo=pv243-a4m36jee-2016-clustering-seminar | action=test | passed=true
2025-12-06 15:11:00 | DEBUG | repo=pv243-a4m36jee-2016-clustering-seminar | action=edit | files=3
2025-10-03 12:30:00 | DEBUG | repo=pv243-a4m36jee-2016-clustering-seminar | action=commit
2025-01-10 17:01:00 | INFO | repo=pv243-a4m36jee-2016-clustering-seminar | action=test | passed=true
2025-02-12 19:35:00 | WARN | repo=pv243-a4m36jee-2016-clustering-seminar | action=commit
2025-07-25 19:51:00 | INFO | repo=pv243-a4m36jee-2016-clustering-seminar | action=pull
2025-03-11 12:17:00 | WARN | repo=pv243-a4m36jee-2016-clustering-seminar | action=commit
2025-04-14 07:49:00 | INFO | repo=pv243-a4m36jee-2016-clustering-seminar | action=commit
2025-06-03 11:58:00 | INFO | repo=pv243-a4m36jee-2016-clustering-seminar | action=commit
2025-07-26 15:55:00 | DEBUG | repo=pv243-a4m36jee-2016-clustering-seminar | action=commit
2025-01-11 19:15:00 | INFO | repo=pv243-a4m36jee-2016-clustering-seminar | action=commit
2025-03-13 20:55:00 | DEBUG | repo=pv243-a4m36jee-2016-clustering-seminar | action=commit
